Archive member included to satisfy reference by file (symbol)

d:/documents/dueti/ecole/hwd1_hardware_programming/microchip/7.0/toolchain/avr8/avr8-gnu-toolchain/bin/../lib/gcc/avr/5.4.0/../../../../avr/lib/avr6\libm.a(addsf3.o)
                              Drivers/adc.o (__subsf3)
d:/documents/dueti/ecole/hwd1_hardware_programming/microchip/7.0/toolchain/avr8/avr8-gnu-toolchain/bin/../lib/gcc/avr/5.4.0/../../../../avr/lib/avr6\libm.a(addsf3x.o)
                              d:/documents/dueti/ecole/hwd1_hardware_programming/microchip/7.0/toolchain/avr8/avr8-gnu-toolchain/bin/../lib/gcc/avr/5.4.0/../../../../avr/lib/avr6\libm.a(addsf3.o) (__addsf3x)
d:/documents/dueti/ecole/hwd1_hardware_programming/microchip/7.0/toolchain/avr8/avr8-gnu-toolchain/bin/../lib/gcc/avr/5.4.0/../../../../avr/lib/avr6\libm.a(divsf3.o)
                              Drivers/adc.o (__divsf3)
d:/documents/dueti/ecole/hwd1_hardware_programming/microchip/7.0/toolchain/avr8/avr8-gnu-toolchain/bin/../lib/gcc/avr/5.4.0/../../../../avr/lib/avr6\libm.a(divsf3x.o)
                              d:/documents/dueti/ecole/hwd1_hardware_programming/microchip/7.0/toolchain/avr8/avr8-gnu-toolchain/bin/../lib/gcc/avr/5.4.0/../../../../avr/lib/avr6\libm.a(divsf3.o) (__divsf3x)
d:/documents/dueti/ecole/hwd1_hardware_programming/microchip/7.0/toolchain/avr8/avr8-gnu-toolchain/bin/../lib/gcc/avr/5.4.0/../../../../avr/lib/avr6\libm.a(fixsfsi.o)
                              Drivers/adc.o (__fixsfsi)
d:/documents/dueti/ecole/hwd1_hardware_programming/microchip/7.0/toolchain/avr8/avr8-gnu-toolchain/bin/../lib/gcc/avr/5.4.0/../../../../avr/lib/avr6\libm.a(fixunssfsi.o)
                              d:/documents/dueti/ecole/hwd1_hardware_programming/microchip/7.0/toolchain/avr8/avr8-gnu-toolchain/bin/../lib/gcc/avr/5.4.0/../../../../avr/lib/avr6\libm.a(fixsfsi.o) (__fixunssfsi)
d:/documents/dueti/ecole/hwd1_hardware_programming/microchip/7.0/toolchain/avr8/avr8-gnu-toolchain/bin/../lib/gcc/avr/5.4.0/../../../../avr/lib/avr6\libm.a(floatsisf.o)
                              Drivers/adc.o (__floatunsisf)
d:/documents/dueti/ecole/hwd1_hardware_programming/microchip/7.0/toolchain/avr8/avr8-gnu-toolchain/bin/../lib/gcc/avr/5.4.0/../../../../avr/lib/avr6\libm.a(fp_inf.o)
                              d:/documents/dueti/ecole/hwd1_hardware_programming/microchip/7.0/toolchain/avr8/avr8-gnu-toolchain/bin/../lib/gcc/avr/5.4.0/../../../../avr/lib/avr6\libm.a(addsf3x.o) (__fp_inf)
d:/documents/dueti/ecole/hwd1_hardware_programming/microchip/7.0/toolchain/avr8/avr8-gnu-toolchain/bin/../lib/gcc/avr/5.4.0/../../../../avr/lib/avr6\libm.a(fp_nan.o)
                              d:/documents/dueti/ecole/hwd1_hardware_programming/microchip/7.0/toolchain/avr8/avr8-gnu-toolchain/bin/../lib/gcc/avr/5.4.0/../../../../avr/lib/avr6\libm.a(addsf3x.o) (__fp_nan)
d:/documents/dueti/ecole/hwd1_hardware_programming/microchip/7.0/toolchain/avr8/avr8-gnu-toolchain/bin/../lib/gcc/avr/5.4.0/../../../../avr/lib/avr6\libm.a(fp_pscA.o)
                              d:/documents/dueti/ecole/hwd1_hardware_programming/microchip/7.0/toolchain/avr8/avr8-gnu-toolchain/bin/../lib/gcc/avr/5.4.0/../../../../avr/lib/avr6\libm.a(addsf3x.o) (__fp_pscA)
d:/documents/dueti/ecole/hwd1_hardware_programming/microchip/7.0/toolchain/avr8/avr8-gnu-toolchain/bin/../lib/gcc/avr/5.4.0/../../../../avr/lib/avr6\libm.a(fp_pscB.o)
                              d:/documents/dueti/ecole/hwd1_hardware_programming/microchip/7.0/toolchain/avr8/avr8-gnu-toolchain/bin/../lib/gcc/avr/5.4.0/../../../../avr/lib/avr6\libm.a(addsf3x.o) (__fp_pscB)
d:/documents/dueti/ecole/hwd1_hardware_programming/microchip/7.0/toolchain/avr8/avr8-gnu-toolchain/bin/../lib/gcc/avr/5.4.0/../../../../avr/lib/avr6\libm.a(fp_round.o)
                              d:/documents/dueti/ecole/hwd1_hardware_programming/microchip/7.0/toolchain/avr8/avr8-gnu-toolchain/bin/../lib/gcc/avr/5.4.0/../../../../avr/lib/avr6\libm.a(addsf3.o) (__fp_round)
d:/documents/dueti/ecole/hwd1_hardware_programming/microchip/7.0/toolchain/avr8/avr8-gnu-toolchain/bin/../lib/gcc/avr/5.4.0/../../../../avr/lib/avr6\libm.a(fp_split3.o)
                              d:/documents/dueti/ecole/hwd1_hardware_programming/microchip/7.0/toolchain/avr8/avr8-gnu-toolchain/bin/../lib/gcc/avr/5.4.0/../../../../avr/lib/avr6\libm.a(addsf3x.o) (__fp_split3)
d:/documents/dueti/ecole/hwd1_hardware_programming/microchip/7.0/toolchain/avr8/avr8-gnu-toolchain/bin/../lib/gcc/avr/5.4.0/../../../../avr/lib/avr6\libm.a(fp_zero.o)
                              d:/documents/dueti/ecole/hwd1_hardware_programming/microchip/7.0/toolchain/avr8/avr8-gnu-toolchain/bin/../lib/gcc/avr/5.4.0/../../../../avr/lib/avr6\libm.a(addsf3x.o) (__fp_zero)
d:/documents/dueti/ecole/hwd1_hardware_programming/microchip/7.0/toolchain/avr8/avr8-gnu-toolchain/bin/../lib/gcc/avr/5.4.0/../../../../avr/lib/avr6\libm.a(mulsf3.o)
                              Drivers/adc.o (__mulsf3)
d:/documents/dueti/ecole/hwd1_hardware_programming/microchip/7.0/toolchain/avr8/avr8-gnu-toolchain/bin/../lib/gcc/avr/5.4.0/../../../../avr/lib/avr6\libm.a(mulsf3x.o)
                              d:/documents/dueti/ecole/hwd1_hardware_programming/microchip/7.0/toolchain/avr8/avr8-gnu-toolchain/bin/../lib/gcc/avr/5.4.0/../../../../avr/lib/avr6\libm.a(mulsf3.o) (__mulsf3x)
d:/documents/dueti/ecole/hwd1_hardware_programming/microchip/7.0/toolchain/avr8/avr8-gnu-toolchain/bin/../lib/gcc/avr/5.4.0/avr6\libgcc.a(_exit.o)
                              D:/Documents/DUETI/Ecole/HWD1_Hardware_Programming/MicroChip/7.0/Packs/atmel/ATmega_DFP/1.6.364/gcc/dev/atmega2560/avr6/crtatmega2560.o (exit)
d:/documents/dueti/ecole/hwd1_hardware_programming/microchip/7.0/toolchain/avr8/avr8-gnu-toolchain/bin/../lib/gcc/avr/5.4.0/avr6\libgcc.a(_copy_data.o)
                              Drivers/matrix/keyboard.o (__do_copy_data)
d:/documents/dueti/ecole/hwd1_hardware_programming/microchip/7.0/toolchain/avr8/avr8-gnu-toolchain/bin/../lib/gcc/avr/5.4.0/avr6\libgcc.a(_clear_bss.o)
                              Drivers/adc.o (__do_clear_bss)
d:/documents/dueti/ecole/hwd1_hardware_programming/microchip/7.0/toolchain/avr8/avr8-gnu-toolchain/bin/../lib/gcc/avr/5.4.0/avr6\libgcc.a(_umulhisi3.o)
                              Drivers/segment.o (__umulhisi3)

Allocating common symbols
Common symbol       size              file

firstvalue          0x2               Drivers/segment.o
temp                0x2               Drivers/adc.o
temperature         0x2               Drivers/segment.o
display             0x2               Drivers/segment.o
displayMin          0x2               Drivers/segment.o
c                   0x2               Drivers/matrix/keyboard.o
v                   0x2               Drivers/matrix/keyboard.o
degree              0x4               Drivers/adc.o
displayMax          0x2               Drivers/segment.o
changevalue         0x2               Drivers/segment.o
sample              0x4               Drivers/adc.o

Discarded input sections

 .data          0x00000000        0x0 D:/Documents/DUETI/Ecole/HWD1_Hardware_Programming/MicroChip/7.0/Packs/atmel/ATmega_DFP/1.6.364/gcc/dev/atmega2560/avr6/crtatmega2560.o
 .bss           0x00000000        0x0 D:/Documents/DUETI/Ecole/HWD1_Hardware_Programming/MicroChip/7.0/Packs/atmel/ATmega_DFP/1.6.364/gcc/dev/atmega2560/avr6/crtatmega2560.o
 .text          0x00000000        0x0 Drivers/adc.o
 .data          0x00000000        0x0 Drivers/adc.o
 .bss           0x00000000        0x0 Drivers/adc.o
 .text          0x00000000        0x0 Drivers/key/keydriver.o
 .data          0x00000000        0x0 Drivers/key/keydriver.o
 .bss           0x00000000        0x0 Drivers/key/keydriver.o
 .text          0x00000000        0x0 Drivers/led/led_driver.o
 .data          0x00000000        0x0 Drivers/led/led_driver.o
 .bss           0x00000000        0x0 Drivers/led/led_driver.o
 .text          0x00000000        0x0 Drivers/matrix/keyboard.o
 .data          0x00000000        0x0 Drivers/matrix/keyboard.o
 .bss           0x00000000        0x0 Drivers/matrix/keyboard.o
 .text          0x00000000        0x0 Drivers/segment.o
 .data          0x00000000        0x0 Drivers/segment.o
 .bss           0x00000000        0x0 Drivers/segment.o
 .text          0x00000000        0x0 main.o
 .data          0x00000000        0x0 main.o
 .bss           0x00000000        0x0 main.o
 .text          0x00000000        0x0 d:/documents/dueti/ecole/hwd1_hardware_programming/microchip/7.0/toolchain/avr8/avr8-gnu-toolchain/bin/../lib/gcc/avr/5.4.0/../../../../avr/lib/avr6\libm.a(addsf3.o)
 .data          0x00000000        0x0 d:/documents/dueti/ecole/hwd1_hardware_programming/microchip/7.0/toolchain/avr8/avr8-gnu-toolchain/bin/../lib/gcc/avr/5.4.0/../../../../avr/lib/avr6\libm.a(addsf3.o)
 .bss           0x00000000        0x0 d:/documents/dueti/ecole/hwd1_hardware_programming/microchip/7.0/toolchain/avr8/avr8-gnu-toolchain/bin/../lib/gcc/avr/5.4.0/../../../../avr/lib/avr6\libm.a(addsf3.o)
 .text          0x00000000        0x0 d:/documents/dueti/ecole/hwd1_hardware_programming/microchip/7.0/toolchain/avr8/avr8-gnu-toolchain/bin/../lib/gcc/avr/5.4.0/../../../../avr/lib/avr6\libm.a(addsf3x.o)
 .data          0x00000000        0x0 d:/documents/dueti/ecole/hwd1_hardware_programming/microchip/7.0/toolchain/avr8/avr8-gnu-toolchain/bin/../lib/gcc/avr/5.4.0/../../../../avr/lib/avr6\libm.a(addsf3x.o)
 .bss           0x00000000        0x0 d:/documents/dueti/ecole/hwd1_hardware_programming/microchip/7.0/toolchain/avr8/avr8-gnu-toolchain/bin/../lib/gcc/avr/5.4.0/../../../../avr/lib/avr6\libm.a(addsf3x.o)
 .text          0x00000000        0x0 d:/documents/dueti/ecole/hwd1_hardware_programming/microchip/7.0/toolchain/avr8/avr8-gnu-toolchain/bin/../lib/gcc/avr/5.4.0/../../../../avr/lib/avr6\libm.a(divsf3.o)
 .data          0x00000000        0x0 d:/documents/dueti/ecole/hwd1_hardware_programming/microchip/7.0/toolchain/avr8/avr8-gnu-toolchain/bin/../lib/gcc/avr/5.4.0/../../../../avr/lib/avr6\libm.a(divsf3.o)
 .bss           0x00000000        0x0 d:/documents/dueti/ecole/hwd1_hardware_programming/microchip/7.0/toolchain/avr8/avr8-gnu-toolchain/bin/../lib/gcc/avr/5.4.0/../../../../avr/lib/avr6\libm.a(divsf3.o)
 .text          0x00000000        0x0 d:/documents/dueti/ecole/hwd1_hardware_programming/microchip/7.0/toolchain/avr8/avr8-gnu-toolchain/bin/../lib/gcc/avr/5.4.0/../../../../avr/lib/avr6\libm.a(divsf3x.o)
 .data          0x00000000        0x0 d:/documents/dueti/ecole/hwd1_hardware_programming/microchip/7.0/toolchain/avr8/avr8-gnu-toolchain/bin/../lib/gcc/avr/5.4.0/../../../../avr/lib/avr6\libm.a(divsf3x.o)
 .bss           0x00000000        0x0 d:/documents/dueti/ecole/hwd1_hardware_programming/microchip/7.0/toolchain/avr8/avr8-gnu-toolchain/bin/../lib/gcc/avr/5.4.0/../../../../avr/lib/avr6\libm.a(divsf3x.o)
 .text          0x00000000        0x0 d:/documents/dueti/ecole/hwd1_hardware_programming/microchip/7.0/toolchain/avr8/avr8-gnu-toolchain/bin/../lib/gcc/avr/5.4.0/../../../../avr/lib/avr6\libm.a(fixsfsi.o)
 .data          0x00000000        0x0 d:/documents/dueti/ecole/hwd1_hardware_programming/microchip/7.0/toolchain/avr8/avr8-gnu-toolchain/bin/../lib/gcc/avr/5.4.0/../../../../avr/lib/avr6\libm.a(fixsfsi.o)
 .bss           0x00000000        0x0 d:/documents/dueti/ecole/hwd1_hardware_programming/microchip/7.0/toolchain/avr8/avr8-gnu-toolchain/bin/../lib/gcc/avr/5.4.0/../../../../avr/lib/avr6\libm.a(fixsfsi.o)
 .text          0x00000000        0x0 d:/documents/dueti/ecole/hwd1_hardware_programming/microchip/7.0/toolchain/avr8/avr8-gnu-toolchain/bin/../lib/gcc/avr/5.4.0/../../../../avr/lib/avr6\libm.a(fixunssfsi.o)
 .data          0x00000000        0x0 d:/documents/dueti/ecole/hwd1_hardware_programming/microchip/7.0/toolchain/avr8/avr8-gnu-toolchain/bin/../lib/gcc/avr/5.4.0/../../../../avr/lib/avr6\libm.a(fixunssfsi.o)
 .bss           0x00000000        0x0 d:/documents/dueti/ecole/hwd1_hardware_programming/microchip/7.0/toolchain/avr8/avr8-gnu-toolchain/bin/../lib/gcc/avr/5.4.0/../../../../avr/lib/avr6\libm.a(fixunssfsi.o)
 .text          0x00000000        0x0 d:/documents/dueti/ecole/hwd1_hardware_programming/microchip/7.0/toolchain/avr8/avr8-gnu-toolchain/bin/../lib/gcc/avr/5.4.0/../../../../avr/lib/avr6\libm.a(floatsisf.o)
 .data          0x00000000        0x0 d:/documents/dueti/ecole/hwd1_hardware_programming/microchip/7.0/toolchain/avr8/avr8-gnu-toolchain/bin/../lib/gcc/avr/5.4.0/../../../../avr/lib/avr6\libm.a(floatsisf.o)
 .bss           0x00000000        0x0 d:/documents/dueti/ecole/hwd1_hardware_programming/microchip/7.0/toolchain/avr8/avr8-gnu-toolchain/bin/../lib/gcc/avr/5.4.0/../../../../avr/lib/avr6\libm.a(floatsisf.o)
 .text          0x00000000        0x0 d:/documents/dueti/ecole/hwd1_hardware_programming/microchip/7.0/toolchain/avr8/avr8-gnu-toolchain/bin/../lib/gcc/avr/5.4.0/../../../../avr/lib/avr6\libm.a(fp_inf.o)
 .data          0x00000000        0x0 d:/documents/dueti/ecole/hwd1_hardware_programming/microchip/7.0/toolchain/avr8/avr8-gnu-toolchain/bin/../lib/gcc/avr/5.4.0/../../../../avr/lib/avr6\libm.a(fp_inf.o)
 .bss           0x00000000        0x0 d:/documents/dueti/ecole/hwd1_hardware_programming/microchip/7.0/toolchain/avr8/avr8-gnu-toolchain/bin/../lib/gcc/avr/5.4.0/../../../../avr/lib/avr6\libm.a(fp_inf.o)
 .text          0x00000000        0x0 d:/documents/dueti/ecole/hwd1_hardware_programming/microchip/7.0/toolchain/avr8/avr8-gnu-toolchain/bin/../lib/gcc/avr/5.4.0/../../../../avr/lib/avr6\libm.a(fp_nan.o)
 .data          0x00000000        0x0 d:/documents/dueti/ecole/hwd1_hardware_programming/microchip/7.0/toolchain/avr8/avr8-gnu-toolchain/bin/../lib/gcc/avr/5.4.0/../../../../avr/lib/avr6\libm.a(fp_nan.o)
 .bss           0x00000000        0x0 d:/documents/dueti/ecole/hwd1_hardware_programming/microchip/7.0/toolchain/avr8/avr8-gnu-toolchain/bin/../lib/gcc/avr/5.4.0/../../../../avr/lib/avr6\libm.a(fp_nan.o)
 .text          0x00000000        0x0 d:/documents/dueti/ecole/hwd1_hardware_programming/microchip/7.0/toolchain/avr8/avr8-gnu-toolchain/bin/../lib/gcc/avr/5.4.0/../../../../avr/lib/avr6\libm.a(fp_pscA.o)
 .data          0x00000000        0x0 d:/documents/dueti/ecole/hwd1_hardware_programming/microchip/7.0/toolchain/avr8/avr8-gnu-toolchain/bin/../lib/gcc/avr/5.4.0/../../../../avr/lib/avr6\libm.a(fp_pscA.o)
 .bss           0x00000000        0x0 d:/documents/dueti/ecole/hwd1_hardware_programming/microchip/7.0/toolchain/avr8/avr8-gnu-toolchain/bin/../lib/gcc/avr/5.4.0/../../../../avr/lib/avr6\libm.a(fp_pscA.o)
 .text          0x00000000        0x0 d:/documents/dueti/ecole/hwd1_hardware_programming/microchip/7.0/toolchain/avr8/avr8-gnu-toolchain/bin/../lib/gcc/avr/5.4.0/../../../../avr/lib/avr6\libm.a(fp_pscB.o)
 .data          0x00000000        0x0 d:/documents/dueti/ecole/hwd1_hardware_programming/microchip/7.0/toolchain/avr8/avr8-gnu-toolchain/bin/../lib/gcc/avr/5.4.0/../../../../avr/lib/avr6\libm.a(fp_pscB.o)
 .bss           0x00000000        0x0 d:/documents/dueti/ecole/hwd1_hardware_programming/microchip/7.0/toolchain/avr8/avr8-gnu-toolchain/bin/../lib/gcc/avr/5.4.0/../../../../avr/lib/avr6\libm.a(fp_pscB.o)
 .text          0x00000000        0x0 d:/documents/dueti/ecole/hwd1_hardware_programming/microchip/7.0/toolchain/avr8/avr8-gnu-toolchain/bin/../lib/gcc/avr/5.4.0/../../../../avr/lib/avr6\libm.a(fp_round.o)
 .data          0x00000000        0x0 d:/documents/dueti/ecole/hwd1_hardware_programming/microchip/7.0/toolchain/avr8/avr8-gnu-toolchain/bin/../lib/gcc/avr/5.4.0/../../../../avr/lib/avr6\libm.a(fp_round.o)
 .bss           0x00000000        0x0 d:/documents/dueti/ecole/hwd1_hardware_programming/microchip/7.0/toolchain/avr8/avr8-gnu-toolchain/bin/../lib/gcc/avr/5.4.0/../../../../avr/lib/avr6\libm.a(fp_round.o)
 .text          0x00000000        0x0 d:/documents/dueti/ecole/hwd1_hardware_programming/microchip/7.0/toolchain/avr8/avr8-gnu-toolchain/bin/../lib/gcc/avr/5.4.0/../../../../avr/lib/avr6\libm.a(fp_split3.o)
 .data          0x00000000        0x0 d:/documents/dueti/ecole/hwd1_hardware_programming/microchip/7.0/toolchain/avr8/avr8-gnu-toolchain/bin/../lib/gcc/avr/5.4.0/../../../../avr/lib/avr6\libm.a(fp_split3.o)
 .bss           0x00000000        0x0 d:/documents/dueti/ecole/hwd1_hardware_programming/microchip/7.0/toolchain/avr8/avr8-gnu-toolchain/bin/../lib/gcc/avr/5.4.0/../../../../avr/lib/avr6\libm.a(fp_split3.o)
 .text          0x00000000        0x0 d:/documents/dueti/ecole/hwd1_hardware_programming/microchip/7.0/toolchain/avr8/avr8-gnu-toolchain/bin/../lib/gcc/avr/5.4.0/../../../../avr/lib/avr6\libm.a(fp_zero.o)
 .data          0x00000000        0x0 d:/documents/dueti/ecole/hwd1_hardware_programming/microchip/7.0/toolchain/avr8/avr8-gnu-toolchain/bin/../lib/gcc/avr/5.4.0/../../../../avr/lib/avr6\libm.a(fp_zero.o)
 .bss           0x00000000        0x0 d:/documents/dueti/ecole/hwd1_hardware_programming/microchip/7.0/toolchain/avr8/avr8-gnu-toolchain/bin/../lib/gcc/avr/5.4.0/../../../../avr/lib/avr6\libm.a(fp_zero.o)
 .text          0x00000000        0x0 d:/documents/dueti/ecole/hwd1_hardware_programming/microchip/7.0/toolchain/avr8/avr8-gnu-toolchain/bin/../lib/gcc/avr/5.4.0/../../../../avr/lib/avr6\libm.a(mulsf3.o)
 .data          0x00000000        0x0 d:/documents/dueti/ecole/hwd1_hardware_programming/microchip/7.0/toolchain/avr8/avr8-gnu-toolchain/bin/../lib/gcc/avr/5.4.0/../../../../avr/lib/avr6\libm.a(mulsf3.o)
 .bss           0x00000000        0x0 d:/documents/dueti/ecole/hwd1_hardware_programming/microchip/7.0/toolchain/avr8/avr8-gnu-toolchain/bin/../lib/gcc/avr/5.4.0/../../../../avr/lib/avr6\libm.a(mulsf3.o)
 .text          0x00000000        0x0 d:/documents/dueti/ecole/hwd1_hardware_programming/microchip/7.0/toolchain/avr8/avr8-gnu-toolchain/bin/../lib/gcc/avr/5.4.0/../../../../avr/lib/avr6\libm.a(mulsf3x.o)
 .data          0x00000000        0x0 d:/documents/dueti/ecole/hwd1_hardware_programming/microchip/7.0/toolchain/avr8/avr8-gnu-toolchain/bin/../lib/gcc/avr/5.4.0/../../../../avr/lib/avr6\libm.a(mulsf3x.o)
 .bss           0x00000000        0x0 d:/documents/dueti/ecole/hwd1_hardware_programming/microchip/7.0/toolchain/avr8/avr8-gnu-toolchain/bin/../lib/gcc/avr/5.4.0/../../../../avr/lib/avr6\libm.a(mulsf3x.o)
 .text          0x00000000        0x0 d:/documents/dueti/ecole/hwd1_hardware_programming/microchip/7.0/toolchain/avr8/avr8-gnu-toolchain/bin/../lib/gcc/avr/5.4.0/avr6\libgcc.a(_exit.o)
 .data          0x00000000        0x0 d:/documents/dueti/ecole/hwd1_hardware_programming/microchip/7.0/toolchain/avr8/avr8-gnu-toolchain/bin/../lib/gcc/avr/5.4.0/avr6\libgcc.a(_exit.o)
 .bss           0x00000000        0x0 d:/documents/dueti/ecole/hwd1_hardware_programming/microchip/7.0/toolchain/avr8/avr8-gnu-toolchain/bin/../lib/gcc/avr/5.4.0/avr6\libgcc.a(_exit.o)
 .text.libgcc.mul
                0x00000000        0x0 d:/documents/dueti/ecole/hwd1_hardware_programming/microchip/7.0/toolchain/avr8/avr8-gnu-toolchain/bin/../lib/gcc/avr/5.4.0/avr6\libgcc.a(_exit.o)
 .text.libgcc.div
                0x00000000        0x0 d:/documents/dueti/ecole/hwd1_hardware_programming/microchip/7.0/toolchain/avr8/avr8-gnu-toolchain/bin/../lib/gcc/avr/5.4.0/avr6\libgcc.a(_exit.o)
 .text.libgcc   0x00000000        0x0 d:/documents/dueti/ecole/hwd1_hardware_programming/microchip/7.0/toolchain/avr8/avr8-gnu-toolchain/bin/../lib/gcc/avr/5.4.0/avr6\libgcc.a(_exit.o)
 .text.libgcc.prologue
                0x00000000        0x0 d:/documents/dueti/ecole/hwd1_hardware_programming/microchip/7.0/toolchain/avr8/avr8-gnu-toolchain/bin/../lib/gcc/avr/5.4.0/avr6\libgcc.a(_exit.o)
 .text.libgcc.builtins
                0x00000000        0x0 d:/documents/dueti/ecole/hwd1_hardware_programming/microchip/7.0/toolchain/avr8/avr8-gnu-toolchain/bin/../lib/gcc/avr/5.4.0/avr6\libgcc.a(_exit.o)
 .text.libgcc.fmul
                0x00000000        0x0 d:/documents/dueti/ecole/hwd1_hardware_programming/microchip/7.0/toolchain/avr8/avr8-gnu-toolchain/bin/../lib/gcc/avr/5.4.0/avr6\libgcc.a(_exit.o)
 .text.libgcc.fixed
                0x00000000        0x0 d:/documents/dueti/ecole/hwd1_hardware_programming/microchip/7.0/toolchain/avr8/avr8-gnu-toolchain/bin/../lib/gcc/avr/5.4.0/avr6\libgcc.a(_exit.o)
 .text          0x00000000        0x0 d:/documents/dueti/ecole/hwd1_hardware_programming/microchip/7.0/toolchain/avr8/avr8-gnu-toolchain/bin/../lib/gcc/avr/5.4.0/avr6\libgcc.a(_copy_data.o)
 .data          0x00000000        0x0 d:/documents/dueti/ecole/hwd1_hardware_programming/microchip/7.0/toolchain/avr8/avr8-gnu-toolchain/bin/../lib/gcc/avr/5.4.0/avr6\libgcc.a(_copy_data.o)
 .bss           0x00000000        0x0 d:/documents/dueti/ecole/hwd1_hardware_programming/microchip/7.0/toolchain/avr8/avr8-gnu-toolchain/bin/../lib/gcc/avr/5.4.0/avr6\libgcc.a(_copy_data.o)
 .text.libgcc.mul
                0x00000000        0x0 d:/documents/dueti/ecole/hwd1_hardware_programming/microchip/7.0/toolchain/avr8/avr8-gnu-toolchain/bin/../lib/gcc/avr/5.4.0/avr6\libgcc.a(_copy_data.o)
 .text.libgcc.div
                0x00000000        0x0 d:/documents/dueti/ecole/hwd1_hardware_programming/microchip/7.0/toolchain/avr8/avr8-gnu-toolchain/bin/../lib/gcc/avr/5.4.0/avr6\libgcc.a(_copy_data.o)
 .text.libgcc   0x00000000        0x0 d:/documents/dueti/ecole/hwd1_hardware_programming/microchip/7.0/toolchain/avr8/avr8-gnu-toolchain/bin/../lib/gcc/avr/5.4.0/avr6\libgcc.a(_copy_data.o)
 .text.libgcc.prologue
                0x00000000        0x0 d:/documents/dueti/ecole/hwd1_hardware_programming/microchip/7.0/toolchain/avr8/avr8-gnu-toolchain/bin/../lib/gcc/avr/5.4.0/avr6\libgcc.a(_copy_data.o)
 .text.libgcc.builtins
                0x00000000        0x0 d:/documents/dueti/ecole/hwd1_hardware_programming/microchip/7.0/toolchain/avr8/avr8-gnu-toolchain/bin/../lib/gcc/avr/5.4.0/avr6\libgcc.a(_copy_data.o)
 .text.libgcc.fmul
                0x00000000        0x0 d:/documents/dueti/ecole/hwd1_hardware_programming/microchip/7.0/toolchain/avr8/avr8-gnu-toolchain/bin/../lib/gcc/avr/5.4.0/avr6\libgcc.a(_copy_data.o)
 .text.libgcc.fixed
                0x00000000        0x0 d:/documents/dueti/ecole/hwd1_hardware_programming/microchip/7.0/toolchain/avr8/avr8-gnu-toolchain/bin/../lib/gcc/avr/5.4.0/avr6\libgcc.a(_copy_data.o)
 .text          0x00000000        0x0 d:/documents/dueti/ecole/hwd1_hardware_programming/microchip/7.0/toolchain/avr8/avr8-gnu-toolchain/bin/../lib/gcc/avr/5.4.0/avr6\libgcc.a(_clear_bss.o)
 .data          0x00000000        0x0 d:/documents/dueti/ecole/hwd1_hardware_programming/microchip/7.0/toolchain/avr8/avr8-gnu-toolchain/bin/../lib/gcc/avr/5.4.0/avr6\libgcc.a(_clear_bss.o)
 .bss           0x00000000        0x0 d:/documents/dueti/ecole/hwd1_hardware_programming/microchip/7.0/toolchain/avr8/avr8-gnu-toolchain/bin/../lib/gcc/avr/5.4.0/avr6\libgcc.a(_clear_bss.o)
 .text.libgcc.mul
                0x00000000        0x0 d:/documents/dueti/ecole/hwd1_hardware_programming/microchip/7.0/toolchain/avr8/avr8-gnu-toolchain/bin/../lib/gcc/avr/5.4.0/avr6\libgcc.a(_clear_bss.o)
 .text.libgcc.div
                0x00000000        0x0 d:/documents/dueti/ecole/hwd1_hardware_programming/microchip/7.0/toolchain/avr8/avr8-gnu-toolchain/bin/../lib/gcc/avr/5.4.0/avr6\libgcc.a(_clear_bss.o)
 .text.libgcc   0x00000000        0x0 d:/documents/dueti/ecole/hwd1_hardware_programming/microchip/7.0/toolchain/avr8/avr8-gnu-toolchain/bin/../lib/gcc/avr/5.4.0/avr6\libgcc.a(_clear_bss.o)
 .text.libgcc.prologue
                0x00000000        0x0 d:/documents/dueti/ecole/hwd1_hardware_programming/microchip/7.0/toolchain/avr8/avr8-gnu-toolchain/bin/../lib/gcc/avr/5.4.0/avr6\libgcc.a(_clear_bss.o)
 .text.libgcc.builtins
                0x00000000        0x0 d:/documents/dueti/ecole/hwd1_hardware_programming/microchip/7.0/toolchain/avr8/avr8-gnu-toolchain/bin/../lib/gcc/avr/5.4.0/avr6\libgcc.a(_clear_bss.o)
 .text.libgcc.fmul
                0x00000000        0x0 d:/documents/dueti/ecole/hwd1_hardware_programming/microchip/7.0/toolchain/avr8/avr8-gnu-toolchain/bin/../lib/gcc/avr/5.4.0/avr6\libgcc.a(_clear_bss.o)
 .text.libgcc.fixed
                0x00000000        0x0 d:/documents/dueti/ecole/hwd1_hardware_programming/microchip/7.0/toolchain/avr8/avr8-gnu-toolchain/bin/../lib/gcc/avr/5.4.0/avr6\libgcc.a(_clear_bss.o)
 .text          0x00000000        0x0 d:/documents/dueti/ecole/hwd1_hardware_programming/microchip/7.0/toolchain/avr8/avr8-gnu-toolchain/bin/../lib/gcc/avr/5.4.0/avr6\libgcc.a(_umulhisi3.o)
 .data          0x00000000        0x0 d:/documents/dueti/ecole/hwd1_hardware_programming/microchip/7.0/toolchain/avr8/avr8-gnu-toolchain/bin/../lib/gcc/avr/5.4.0/avr6\libgcc.a(_umulhisi3.o)
 .bss           0x00000000        0x0 d:/documents/dueti/ecole/hwd1_hardware_programming/microchip/7.0/toolchain/avr8/avr8-gnu-toolchain/bin/../lib/gcc/avr/5.4.0/avr6\libgcc.a(_umulhisi3.o)
 .text.libgcc.div
                0x00000000        0x0 d:/documents/dueti/ecole/hwd1_hardware_programming/microchip/7.0/toolchain/avr8/avr8-gnu-toolchain/bin/../lib/gcc/avr/5.4.0/avr6\libgcc.a(_umulhisi3.o)
 .text.libgcc   0x00000000        0x0 d:/documents/dueti/ecole/hwd1_hardware_programming/microchip/7.0/toolchain/avr8/avr8-gnu-toolchain/bin/../lib/gcc/avr/5.4.0/avr6\libgcc.a(_umulhisi3.o)
 .text.libgcc.prologue
                0x00000000        0x0 d:/documents/dueti/ecole/hwd1_hardware_programming/microchip/7.0/toolchain/avr8/avr8-gnu-toolchain/bin/../lib/gcc/avr/5.4.0/avr6\libgcc.a(_umulhisi3.o)
 .text.libgcc.builtins
                0x00000000        0x0 d:/documents/dueti/ecole/hwd1_hardware_programming/microchip/7.0/toolchain/avr8/avr8-gnu-toolchain/bin/../lib/gcc/avr/5.4.0/avr6\libgcc.a(_umulhisi3.o)
 .text.libgcc.fmul
                0x00000000        0x0 d:/documents/dueti/ecole/hwd1_hardware_programming/microchip/7.0/toolchain/avr8/avr8-gnu-toolchain/bin/../lib/gcc/avr/5.4.0/avr6\libgcc.a(_umulhisi3.o)
 .text.libgcc.fixed
                0x00000000        0x0 d:/documents/dueti/ecole/hwd1_hardware_programming/microchip/7.0/toolchain/avr8/avr8-gnu-toolchain/bin/../lib/gcc/avr/5.4.0/avr6\libgcc.a(_umulhisi3.o)

Memory Configuration

Name             Origin             Length             Attributes
text             0x00000000         0x00040000         xr
data             0x00800200         0x00002000         rw !x
eeprom           0x00810000         0x00001000         rw !x
fuse             0x00820000         0x00000003         rw !x
lock             0x00830000         0x00000400         rw !x
signature        0x00840000         0x00000400         rw !x
user_signatures  0x00850000         0x00000400         rw !x
*default*        0x00000000         0xffffffff

Linker script and memory map

Address of section .data set to 0x800200
LOAD D:/Documents/DUETI/Ecole/HWD1_Hardware_Programming/MicroChip/7.0/Packs/atmel/ATmega_DFP/1.6.364/gcc/dev/atmega2560/avr6/crtatmega2560.o
LOAD Drivers/adc.o
LOAD Drivers/key/keydriver.o
LOAD Drivers/led/led_driver.o
LOAD Drivers/matrix/keyboard.o
LOAD Drivers/segment.o
LOAD main.o
START GROUP
LOAD d:/documents/dueti/ecole/hwd1_hardware_programming/microchip/7.0/toolchain/avr8/avr8-gnu-toolchain/bin/../lib/gcc/avr/5.4.0/../../../../avr/lib/avr6\libm.a
END GROUP
START GROUP
LOAD d:/documents/dueti/ecole/hwd1_hardware_programming/microchip/7.0/toolchain/avr8/avr8-gnu-toolchain/bin/../lib/gcc/avr/5.4.0/avr6\libgcc.a
LOAD d:/documents/dueti/ecole/hwd1_hardware_programming/microchip/7.0/toolchain/avr8/avr8-gnu-toolchain/bin/../lib/gcc/avr/5.4.0/../../../../avr/lib/avr6\libm.a
LOAD d:/documents/dueti/ecole/hwd1_hardware_programming/microchip/7.0/toolchain/avr8/avr8-gnu-toolchain/bin/../lib/gcc/avr/5.4.0/../../../../avr/lib/avr6\libc.a
LOAD D:/Documents/DUETI/Ecole/HWD1_Hardware_Programming/MicroChip/7.0/Packs/atmel/ATmega_DFP/1.6.364/gcc/dev/atmega2560/avr6\libatmega2560.a
END GROUP
                0x00000000                __TEXT_REGION_ORIGIN__ = DEFINED (__TEXT_REGION_ORIGIN__)?__TEXT_REGION_ORIGIN__:0x0
                [0x00800200]                __DATA_REGION_ORIGIN__ = DEFINED (__DATA_REGION_ORIGIN__)?__DATA_REGION_ORIGIN__:0x800200
                [0x00040000]                __TEXT_REGION_LENGTH__ = DEFINED (__TEXT_REGION_LENGTH__)?__TEXT_REGION_LENGTH__:0x100000
                [0x00002000]                __DATA_REGION_LENGTH__ = DEFINED (__DATA_REGION_LENGTH__)?__DATA_REGION_LENGTH__:0xfe00
                [0x00001000]                __EEPROM_REGION_LENGTH__ = DEFINED (__EEPROM_REGION_LENGTH__)?__EEPROM_REGION_LENGTH__:0x10000
                [0x00000003]                __FUSE_REGION_LENGTH__ = DEFINED (__FUSE_REGION_LENGTH__)?__FUSE_REGION_LENGTH__:0x400
                0x00000400                __LOCK_REGION_LENGTH__ = DEFINED (__LOCK_REGION_LENGTH__)?__LOCK_REGION_LENGTH__:0x400
                0x00000400                __SIGNATURE_REGION_LENGTH__ = DEFINED (__SIGNATURE_REGION_LENGTH__)?__SIGNATURE_REGION_LENGTH__:0x400
                0x00000400                __USER_SIGNATURE_REGION_LENGTH__ = DEFINED (__USER_SIGNATURE_REGION_LENGTH__)?__USER_SIGNATURE_REGION_LENGTH__:0x400

.hash
 *(.hash)

.dynsym
 *(.dynsym)

.dynstr
 *(.dynstr)

.gnu.version
 *(.gnu.version)

.gnu.version_d
 *(.gnu.version_d)

.gnu.version_r
 *(.gnu.version_r)

.rel.init
 *(.rel.init)

.rela.init
 *(.rela.init)

.rel.text
 *(.rel.text)
 *(.rel.text.*)
 *(.rel.gnu.linkonce.t*)

.rela.text
 *(.rela.text)
 *(.rela.text.*)
 *(.rela.gnu.linkonce.t*)

.rel.fini
 *(.rel.fini)

.rela.fini
 *(.rela.fini)

.rel.rodata
 *(.rel.rodata)
 *(.rel.rodata.*)
 *(.rel.gnu.linkonce.r*)

.rela.rodata
 *(.rela.rodata)
 *(.rela.rodata.*)
 *(.rela.gnu.linkonce.r*)

.rel.data
 *(.rel.data)
 *(.rel.data.*)
 *(.rel.gnu.linkonce.d*)

.rela.data
 *(.rela.data)
 *(.rela.data.*)
 *(.rela.gnu.linkonce.d*)

.rel.ctors
 *(.rel.ctors)

.rela.ctors
 *(.rela.ctors)

.rel.dtors
 *(.rel.dtors)

.rela.dtors
 *(.rela.dtors)

.rel.got
 *(.rel.got)

.rela.got
 *(.rela.got)

.rel.bss
 *(.rel.bss)

.rela.bss
 *(.rela.bss)

.rel.plt
 *(.rel.plt)

.rela.plt
 *(.rela.plt)

.text           0x00000000     0x1016
 *(.vectors)
 .vectors       0x00000000       0xe4 D:/Documents/DUETI/Ecole/HWD1_Hardware_Programming/MicroChip/7.0/Packs/atmel/ATmega_DFP/1.6.364/gcc/dev/atmega2560/avr6/crtatmega2560.o
                0x00000000                __vector_default
                0x00000000                __vectors
 *(.vectors)
 *(.progmem.gcc*)
                0x000000e4                . = ALIGN (0x2)
                0x000000e4                __trampolines_start = .
 *(.trampolines)
 .trampolines   0x000000e4        0x0 linker stubs
 *(.trampolines*)
                0x000000e4                __trampolines_end = .
 *libprintf_flt.a:*(.progmem.data)
 *libc.a:*(.progmem.data)
 *(.progmem*)
                0x000000e4                . = ALIGN (0x2)
 *(.jumptables)
 *(.jumptables*)
 *(.lowtext)
 *(.lowtext*)
                0x000000e4                __ctors_start = .
 *(.ctors)
                0x000000e4                __ctors_end = .
                0x000000e4                __dtors_start = .
 *(.dtors)
                0x000000e4                __dtors_end = .
 SORT(*)(.ctors)
 SORT(*)(.dtors)
 *(.init0)
 .init0         0x000000e4        0x0 D:/Documents/DUETI/Ecole/HWD1_Hardware_Programming/MicroChip/7.0/Packs/atmel/ATmega_DFP/1.6.364/gcc/dev/atmega2560/avr6/crtatmega2560.o
                0x000000e4                __init
 *(.init0)
 *(.init1)
 *(.init1)
 *(.init2)
 .init2         0x000000e4       0x10 D:/Documents/DUETI/Ecole/HWD1_Hardware_Programming/MicroChip/7.0/Packs/atmel/ATmega_DFP/1.6.364/gcc/dev/atmega2560/avr6/crtatmega2560.o
 *(.init2)
 *(.init3)
 *(.init3)
 *(.init4)
 .init4         0x000000f4       0x1a d:/documents/dueti/ecole/hwd1_hardware_programming/microchip/7.0/toolchain/avr8/avr8-gnu-toolchain/bin/../lib/gcc/avr/5.4.0/avr6\libgcc.a(_copy_data.o)
                0x000000f4                __do_copy_data
 .init4         0x0000010e       0x10 d:/documents/dueti/ecole/hwd1_hardware_programming/microchip/7.0/toolchain/avr8/avr8-gnu-toolchain/bin/../lib/gcc/avr/5.4.0/avr6\libgcc.a(_clear_bss.o)
                0x0000010e                __do_clear_bss
 *(.init4)
 *(.init5)
 *(.init5)
 *(.init6)
 *(.init6)
 *(.init7)
 *(.init7)
 *(.init8)
 *(.init8)
 *(.init9)
 .init9         0x0000011e        0x4 D:/Documents/DUETI/Ecole/HWD1_Hardware_Programming/MicroChip/7.0/Packs/atmel/ATmega_DFP/1.6.364/gcc/dev/atmega2560/avr6/crtatmega2560.o
 *(.init9)
 *(.text)
 .text          0x00000122        0x2 D:/Documents/DUETI/Ecole/HWD1_Hardware_Programming/MicroChip/7.0/Packs/atmel/ATmega_DFP/1.6.364/gcc/dev/atmega2560/avr6/crtatmega2560.o
                0x00000122                __vector_38
                0x00000122                __vector_22
                0x00000122                __vector_28
                0x00000122                __vector_1
                0x00000122                __vector_32
                0x00000122                __vector_34
                0x00000122                __vector_24
                0x00000122                __vector_12
                0x00000122                __vector_55
                0x00000122                __vector_46
                0x00000122                __bad_interrupt
                0x00000122                __vector_6
                0x00000122                __vector_31
                0x00000122                __vector_35
                0x00000122                __vector_39
                0x00000122                __vector_3
                0x00000122                __vector_23
                0x00000122                __vector_30
                0x00000122                __vector_45
                0x00000122                __vector_25
                0x00000122                __vector_11
                0x00000122                __vector_54
                0x00000122                __vector_13
                0x00000122                __vector_19
                0x00000122                __vector_56
                0x00000122                __vector_7
                0x00000122                __vector_49
                0x00000122                __vector_41
                0x00000122                __vector_43
                0x00000122                __vector_27
                0x00000122                __vector_5
                0x00000122                __vector_33
                0x00000122                __vector_47
                0x00000122                __vector_52
                0x00000122                __vector_37
                0x00000122                __vector_4
                0x00000122                __vector_44
                0x00000122                __vector_51
                0x00000122                __vector_9
                0x00000122                __vector_2
                0x00000122                __vector_21
                0x00000122                __vector_15
                0x00000122                __vector_36
                0x00000122                __vector_40
                0x00000122                __vector_8
                0x00000122                __vector_26
                0x00000122                __vector_48
                0x00000122                __vector_14
                0x00000122                __vector_53
                0x00000122                __vector_10
                0x00000122                __vector_50
                0x00000122                __vector_16
                0x00000122                __vector_18
                0x00000122                __vector_20
                0x00000124                . = ALIGN (0x2)
 *(.text.*)
 .text.adc_init
                0x00000124       0x3c Drivers/adc.o
                0x00000124                adc_init
 .text.adc_read
                0x00000160       0x14 Drivers/adc.o
                0x00000160                adc_read
 .text.temp_convertToCelcius
                0x00000174       0x56 Drivers/adc.o
                0x00000174                temp_convertToCelcius
 .text.__vector_29
                0x000001ca       0x6a Drivers/adc.o
                0x000001ca                __vector_29
 .text.init_keys
                0x00000234        0xe Drivers/key/keydriver.o
                0x00000234                init_keys
 .text.get_key  0x00000242       0x24 Drivers/key/keydriver.o
                0x00000242                get_key
 .text.inits_leds
                0x00000266        0x8 Drivers/led/led_driver.o
                0x00000266                inits_leds
 .text.set_led  0x0000026e       0x46 Drivers/led/led_driver.o
                0x0000026e                set_led
 .text.init_keyboard
                0x000002b4       0x8c Drivers/matrix/keyboard.o
                0x000002b4                init_keyboard
 .text.test_col
                0x00000340       0x3e Drivers/matrix/keyboard.o
                0x00000340                test_col
 .text.change_row
                0x0000037e       0x8a Drivers/matrix/keyboard.o
                0x0000037e                change_row
 .text.get_col  0x00000408       0x3e Drivers/matrix/keyboard.o
                0x00000408                get_col
 .text.get_row  0x00000446       0x3c Drivers/matrix/keyboard.o
                0x00000446                get_row
 .text.getxkey  0x00000482       0x56 Drivers/matrix/keyboard.o
                0x00000482                getxkey
 .text.keyboard_display
                0x000004d8       0xa4 Drivers/matrix/keyboard.o
                0x000004d8                keyboard_display
 .text.resetvalue
                0x0000057c       0x12 Drivers/matrix/keyboard.o
                0x0000057c                resetvalue
 .text.time_init
                0x0000058e       0x4c Drivers/segment.o
                0x0000058e                time_init
 .text.init_display
                0x000005da       0x1a Drivers/segment.o
                0x000005da                init_display
 .text.printint_1u
                0x000005f4       0xfc Drivers/segment.o
                0x000005f4                printint_1u
 .text.printint_4u
                0x000006f0      0x218 Drivers/segment.o
                0x000006f0                printint_4u
 .text.chooseToDisplay
                0x00000908       0x8c Drivers/segment.o
                0x00000908                chooseToDisplay
 .text.__vector_17
                0x00000994      0x21c Drivers/segment.o
                0x00000994                __vector_17
 .text.__vector_42
                0x00000bb0       0x58 Drivers/segment.o
                0x00000bb0                __vector_42
 .text.main     0x00000c08        0xe main.o
                0x00000c08                main
 .text.avr-libc.fplib
                0x00000c16        0xa d:/documents/dueti/ecole/hwd1_hardware_programming/microchip/7.0/toolchain/avr8/avr8-gnu-toolchain/bin/../lib/gcc/avr/5.4.0/../../../../avr/lib/avr6\libm.a(addsf3.o)
                0x00000c16                __subsf3
                0x00000c18                __addsf3
 .text.avr-libc.fplib
                0x00000c20       0xc0 d:/documents/dueti/ecole/hwd1_hardware_programming/microchip/7.0/toolchain/avr8/avr8-gnu-toolchain/bin/../lib/gcc/avr/5.4.0/../../../../avr/lib/avr6\libm.a(addsf3x.o)
                0x00000c3a                __addsf3x
 .text.avr-libc.fplib
                0x00000ce0        0x4 d:/documents/dueti/ecole/hwd1_hardware_programming/microchip/7.0/toolchain/avr8/avr8-gnu-toolchain/bin/../lib/gcc/avr/5.4.0/../../../../avr/lib/avr6\libm.a(divsf3.o)
                0x00000ce0                __divsf3
 .text.avr-libc.fplib
                0x00000ce4       0xcc d:/documents/dueti/ecole/hwd1_hardware_programming/microchip/7.0/toolchain/avr8/avr8-gnu-toolchain/bin/../lib/gcc/avr/5.4.0/../../../../avr/lib/avr6\libm.a(divsf3x.o)
                0x00000cfa                __divsf3x
                0x00000cfe                __divsf3_pse
 .text.avr-libc.fplib
                0x00000db0        0xa d:/documents/dueti/ecole/hwd1_hardware_programming/microchip/7.0/toolchain/avr8/avr8-gnu-toolchain/bin/../lib/gcc/avr/5.4.0/../../../../avr/lib/avr6\libm.a(fixsfsi.o)
                0x00000db0                __fixsfsi
 .text.avr-libc.fplib
                0x00000dba       0x58 d:/documents/dueti/ecole/hwd1_hardware_programming/microchip/7.0/toolchain/avr8/avr8-gnu-toolchain/bin/../lib/gcc/avr/5.4.0/../../../../avr/lib/avr6\libm.a(fixunssfsi.o)
                0x00000dba                __fixunssfsi
 .text.avr-libc.fplib
                0x00000e12       0x7a d:/documents/dueti/ecole/hwd1_hardware_programming/microchip/7.0/toolchain/avr8/avr8-gnu-toolchain/bin/../lib/gcc/avr/5.4.0/../../../../avr/lib/avr6\libm.a(floatsisf.o)
                0x00000e12                __floatunsisf
                0x00000e16                __floatsisf
 .text.avr-libc.fplib
                0x00000e8c        0xc d:/documents/dueti/ecole/hwd1_hardware_programming/microchip/7.0/toolchain/avr8/avr8-gnu-toolchain/bin/../lib/gcc/avr/5.4.0/../../../../avr/lib/avr6\libm.a(fp_inf.o)
                0x00000e8c                __fp_inf
 .text.avr-libc.fplib
                0x00000e98        0x6 d:/documents/dueti/ecole/hwd1_hardware_programming/microchip/7.0/toolchain/avr8/avr8-gnu-toolchain/bin/../lib/gcc/avr/5.4.0/../../../../avr/lib/avr6\libm.a(fp_nan.o)
                0x00000e98                __fp_nan
 .text.avr-libc.fplib
                0x00000e9e        0xe d:/documents/dueti/ecole/hwd1_hardware_programming/microchip/7.0/toolchain/avr8/avr8-gnu-toolchain/bin/../lib/gcc/avr/5.4.0/../../../../avr/lib/avr6\libm.a(fp_pscA.o)
                0x00000e9e                __fp_pscA
 .text.avr-libc.fplib
                0x00000eac        0xe d:/documents/dueti/ecole/hwd1_hardware_programming/microchip/7.0/toolchain/avr8/avr8-gnu-toolchain/bin/../lib/gcc/avr/5.4.0/../../../../avr/lib/avr6\libm.a(fp_pscB.o)
                0x00000eac                __fp_pscB
 .text.avr-libc.fplib
                0x00000eba       0x22 d:/documents/dueti/ecole/hwd1_hardware_programming/microchip/7.0/toolchain/avr8/avr8-gnu-toolchain/bin/../lib/gcc/avr/5.4.0/../../../../avr/lib/avr6\libm.a(fp_round.o)
                0x00000eba                __fp_round
 .text.avr-libc.fplib
                0x00000edc       0x44 d:/documents/dueti/ecole/hwd1_hardware_programming/microchip/7.0/toolchain/avr8/avr8-gnu-toolchain/bin/../lib/gcc/avr/5.4.0/../../../../avr/lib/avr6\libm.a(fp_split3.o)
                0x00000edc                __fp_split3
                0x00000eec                __fp_splitA
 .text.avr-libc.fplib
                0x00000f20        0xe d:/documents/dueti/ecole/hwd1_hardware_programming/microchip/7.0/toolchain/avr8/avr8-gnu-toolchain/bin/../lib/gcc/avr/5.4.0/../../../../avr/lib/avr6\libm.a(fp_zero.o)
                0x00000f20                __fp_zero
                0x00000f22                __fp_szero
 .text.avr-libc.fplib
                0x00000f2e        0x4 d:/documents/dueti/ecole/hwd1_hardware_programming/microchip/7.0/toolchain/avr8/avr8-gnu-toolchain/bin/../lib/gcc/avr/5.4.0/../../../../avr/lib/avr6\libm.a(mulsf3.o)
                0x00000f2e                __mulsf3
 .text.avr-libc.fplib
                0x00000f32       0xc2 d:/documents/dueti/ecole/hwd1_hardware_programming/microchip/7.0/toolchain/avr8/avr8-gnu-toolchain/bin/../lib/gcc/avr/5.4.0/../../../../avr/lib/avr6\libm.a(mulsf3x.o)
                0x00000f46                __mulsf3x
                0x00000f4a                __mulsf3_pse
 .text.libgcc.mul
                0x00000ff4       0x1e d:/documents/dueti/ecole/hwd1_hardware_programming/microchip/7.0/toolchain/avr8/avr8-gnu-toolchain/bin/../lib/gcc/avr/5.4.0/avr6\libgcc.a(_umulhisi3.o)
                0x00000ff4                __umulhisi3
                0x00001012                . = ALIGN (0x2)
 *(.fini9)
 .fini9         0x00001012        0x0 d:/documents/dueti/ecole/hwd1_hardware_programming/microchip/7.0/toolchain/avr8/avr8-gnu-toolchain/bin/../lib/gcc/avr/5.4.0/avr6\libgcc.a(_exit.o)
                0x00001012                _exit
                0x00001012                exit
 *(.fini9)
 *(.fini8)
 *(.fini8)
 *(.fini7)
 *(.fini7)
 *(.fini6)
 *(.fini6)
 *(.fini5)
 *(.fini5)
 *(.fini4)
 *(.fini4)
 *(.fini3)
 *(.fini3)
 *(.fini2)
 *(.fini2)
 *(.fini1)
 *(.fini1)
 *(.fini0)
 .fini0         0x00001012        0x4 d:/documents/dueti/ecole/hwd1_hardware_programming/microchip/7.0/toolchain/avr8/avr8-gnu-toolchain/bin/../lib/gcc/avr/5.4.0/avr6\libgcc.a(_exit.o)
 *(.fini0)
                0x00001016                _etext = .

.data           0x00800200      0x110 load address 0x00001016
                0x00800200                PROVIDE (__data_start, .)
 *(.data)
 *(.data*)
 .data.keyboard
                0x00800200       0x20 Drivers/matrix/keyboard.o
                0x00800200                keyboard
 .data.displayTemp
                0x00800220        0x2 Drivers/segment.o
                0x00800220                displayTemp
 .data.thigh    0x00800222        0x2 Drivers/segment.o
                0x00800222                thigh
 .data.tlow     0x00800224        0x2 Drivers/segment.o
                0x00800224                tlow
 .data.digit    0x00800226        0x2 Drivers/segment.o
                0x00800226                digit
 *(.gnu.linkonce.d*)
 *(.rodata)
 .rodata        0x00800228       0xb0 Drivers/segment.o
 *(.rodata*)
 .rodata.col    0x008002d8       0x1c Drivers/matrix/keyboard.o
 .rodata.row    0x008002f4       0x1c Drivers/matrix/keyboard.o
 *(.gnu.linkonce.r*)
                0x00800310                . = ALIGN (0x2)
                0x00800310                _edata = .
                0x00800310                PROVIDE (__data_end, .)

.bss            0x00800310       0x22
                0x00800310                PROVIDE (__bss_start, .)
 *(.bss)
 *(.bss*)
 .bss.count     0x00800310        0x2 Drivers/matrix/keyboard.o
                0x00800310                count
 .bss.moreOneNumber
                0x00800312        0x2 Drivers/matrix/keyboard.o
                0x00800312                moreOneNumber
 .bss.bigvalue  0x00800314        0x2 Drivers/matrix/keyboard.o
                0x00800314                bigvalue
 .bss.changerow
                0x00800316        0x2 Drivers/matrix/keyboard.o
                0x00800316                changerow
 *(COMMON)
 COMMON         0x00800318        0xa Drivers/adc.o
                0x00800318                temp
                0x0080031a                degree
                0x0080031e                sample
 COMMON         0x00800322        0x4 Drivers/matrix/keyboard.o
                0x00800322                c
                0x00800324                v
 COMMON         0x00800326        0xc Drivers/segment.o
                0x00800326                firstvalue
                0x00800328                temperature
                0x0080032a                display
                0x0080032c                displayMin
                0x0080032e                displayMax
                0x00800330                changevalue
                0x00800332                PROVIDE (__bss_end, .)
                0x00001016                __data_load_start = LOADADDR (.data)
                0x00001126                __data_load_end = (__data_load_start + SIZEOF (.data))

.noinit         0x00800332        0x0
                [!provide]                PROVIDE (__noinit_start, .)
 *(.noinit*)
                [!provide]                PROVIDE (__noinit_end, .)
                0x00800332                _end = .
                [!provide]                PROVIDE (__heap_start, .)

.eeprom         0x00810000        0x0
 *(.eeprom*)
                0x00810000                __eeprom_end = .

.fuse
 *(.fuse)
 *(.lfuse)
 *(.hfuse)
 *(.efuse)

.lock
 *(.lock*)

.signature
 *(.signature*)

.user_signatures
 *(.user_signatures*)

.stab
 *(.stab)

.stabstr
 *(.stabstr)

.stab.excl
 *(.stab.excl)

.stab.exclstr
 *(.stab.exclstr)

.stab.index
 *(.stab.index)

.stab.indexstr
 *(.stab.indexstr)

.comment        0x00000000       0x30
 *(.comment)
 .comment       0x00000000       0x30 Drivers/adc.o
                                 0x31 (size before relaxing)
 .comment       0x00000030       0x31 Drivers/key/keydriver.o
 .comment       0x00000030       0x31 Drivers/led/led_driver.o
 .comment       0x00000030       0x31 Drivers/matrix/keyboard.o
 .comment       0x00000030       0x31 Drivers/segment.o
 .comment       0x00000030       0x31 main.o

.note.gnu.avr.deviceinfo
                0x00000000       0x40
 .note.gnu.avr.deviceinfo
                0x00000000       0x40 D:/Documents/DUETI/Ecole/HWD1_Hardware_Programming/MicroChip/7.0/Packs/atmel/ATmega_DFP/1.6.364/gcc/dev/atmega2560/avr6/crtatmega2560.o

.note.gnu.build-id
 *(.note.gnu.build-id)

.debug
 *(.debug)

.line
 *(.line)

.debug_srcinfo
 *(.debug_srcinfo)

.debug_sfnames
 *(.debug_sfnames)

.debug_aranges  0x00000000      0x150
 *(.debug_aranges)
 .debug_aranges
                0x00000000       0x38 Drivers/adc.o
 .debug_aranges
                0x00000038       0x28 Drivers/key/keydriver.o
 .debug_aranges
                0x00000060       0x28 Drivers/led/led_driver.o
 .debug_aranges
                0x00000088       0x58 Drivers/matrix/keyboard.o
 .debug_aranges
                0x000000e0       0x50 Drivers/segment.o
 .debug_aranges
                0x00000130       0x20 main.o

.debug_pubnames
 *(.debug_pubnames)

.debug_info     0x00000000     0x17da
 *(.debug_info .gnu.linkonce.wi.*)
 .debug_info    0x00000000      0xbbc D:/Documents/DUETI/Ecole/HWD1_Hardware_Programming/MicroChip/7.0/Packs/atmel/ATmega_DFP/1.6.364/gcc/dev/atmega2560/avr6/crtatmega2560.o
 .debug_info    0x00000bbc      0x130 Drivers/adc.o
 .debug_info    0x00000cec       0xbb Drivers/key/keydriver.o
 .debug_info    0x00000da7       0xb7 Drivers/led/led_driver.o
 .debug_info    0x00000e5e      0x3d7 Drivers/matrix/keyboard.o
 .debug_info    0x00001235      0x49f Drivers/segment.o
 .debug_info    0x000016d4      0x106 main.o

.debug_abbrev   0x00000000     0x1070
 *(.debug_abbrev)
 .debug_abbrev  0x00000000      0xb1a D:/Documents/DUETI/Ecole/HWD1_Hardware_Programming/MicroChip/7.0/Packs/atmel/ATmega_DFP/1.6.364/gcc/dev/atmega2560/avr6/crtatmega2560.o
 .debug_abbrev  0x00000b1a       0xa1 Drivers/adc.o
 .debug_abbrev  0x00000bbb       0x87 Drivers/key/keydriver.o
 .debug_abbrev  0x00000c42       0x76 Drivers/led/led_driver.o
 .debug_abbrev  0x00000cb8      0x1b5 Drivers/matrix/keyboard.o
 .debug_abbrev  0x00000e6d      0x19b Drivers/segment.o
 .debug_abbrev  0x00001008       0x68 main.o

.debug_line     0x00000000      0xe34
 *(.debug_line .debug_line.* .debug_line_end)
 .debug_line    0x00000000      0x1fa D:/Documents/DUETI/Ecole/HWD1_Hardware_Programming/MicroChip/7.0/Packs/atmel/ATmega_DFP/1.6.364/gcc/dev/atmega2560/avr6/crtatmega2560.o
 .debug_line    0x000001fa      0x147 Drivers/adc.o
 .debug_line    0x00000341       0xfd Drivers/key/keydriver.o
 .debug_line    0x0000043e       0xf8 Drivers/led/led_driver.o
 .debug_line    0x00000536      0x30b Drivers/matrix/keyboard.o
 .debug_line    0x00000841      0x510 Drivers/segment.o
 .debug_line    0x00000d51       0xe3 main.o

.debug_frame    0x00000000      0x330
 *(.debug_frame)
 .debug_frame   0x00000000       0x9c Drivers/adc.o
 .debug_frame   0x0000009c       0x34 Drivers/key/keydriver.o
 .debug_frame   0x000000d0       0x34 Drivers/led/led_driver.o
 .debug_frame   0x00000104       0xcc Drivers/matrix/keyboard.o
 .debug_frame   0x000001d0      0x13c Drivers/segment.o
 .debug_frame   0x0000030c       0x24 main.o

.debug_str      0x00000000      0x7ed
 *(.debug_str)
 .debug_str     0x00000000      0x3e6 D:/Documents/DUETI/Ecole/HWD1_Hardware_Programming/MicroChip/7.0/Packs/atmel/ATmega_DFP/1.6.364/gcc/dev/atmega2560/avr6/crtatmega2560.o
 .debug_str     0x000003e6      0x1be Drivers/adc.o
                                0x1fa (size before relaxing)
 .debug_str     0x000005a4       0x3b Drivers/key/keydriver.o
                                0x1c6 (size before relaxing)
 .debug_str     0x000005df       0x3c Drivers/led/led_driver.o
                                0x1c7 (size before relaxing)
 .debug_str     0x0000061b       0xcc Drivers/matrix/keyboard.o
                                0x270 (size before relaxing)
 .debug_str     0x000006e7       0xf5 Drivers/segment.o
                                0x2f3 (size before relaxing)
 .debug_str     0x000007dc       0x11 main.o
                                0x1d7 (size before relaxing)

.debug_loc      0x00000000      0x8b4
 *(.debug_loc)
 .debug_loc     0x00000000       0xcb Drivers/adc.o
 .debug_loc     0x000000cb       0x3f Drivers/key/keydriver.o
 .debug_loc     0x0000010a       0x74 Drivers/led/led_driver.o
 .debug_loc     0x0000017e      0x22f Drivers/matrix/keyboard.o
 .debug_loc     0x000003ad      0x507 Drivers/segment.o

.debug_macinfo
 *(.debug_macinfo)

.debug_weaknames
 *(.debug_weaknames)

.debug_funcnames
 *(.debug_funcnames)

.debug_typenames
 *(.debug_typenames)

.debug_varnames
 *(.debug_varnames)

.debug_pubtypes
 *(.debug_pubtypes)

.debug_ranges   0x00000000      0x120
 *(.debug_ranges)
 .debug_ranges  0x00000000       0x28 Drivers/adc.o
 .debug_ranges  0x00000028       0x18 Drivers/key/keydriver.o
 .debug_ranges  0x00000040       0x18 Drivers/led/led_driver.o
 .debug_ranges  0x00000058       0x60 Drivers/matrix/keyboard.o
 .debug_ranges  0x000000b8       0x58 Drivers/segment.o
 .debug_ranges  0x00000110       0x10 main.o

.debug_macro
 *(.debug_macro)
OUTPUT(SolarPanelControl.elf elf32-avr)
LOAD linker stubs
